../Core/Src/main.c:127:6:SDcardInit	40	static
../Core/Src/main.c:176:6:SDcardWriteData	296	static
../Core/Src/main.c:202:6:SDcardClose	8	static
../Core/Src/main.c:209:6:OLED_first_screen	192	static
../Core/Src/main.c:255:6:OLED_second_screen	184	static
../Core/Src/main.c:275:6:OLEDdisplay	16	static
../Core/Src/main.c:299:5:main	304	static
../Core/Src/main.c:427:6:SystemClock_Config	88	static
../Core/Src/main.c:469:6:HAL_TIM_PeriodElapsedCallback	16	static
../Core/Src/main.c:481:6:HAL_GPIO_EXTI_Callback	16	static
../Core/Src/main.c:493:6:Error_Handler	4	static,ignoring_inline_asm
