../Core/Src/stm32f4xx_it.c:57:6:SDTimer_Handler	4	static
../Core/Src/stm32f4xx_it.c:86:6:NMI_Handler	4	static
../Core/Src/stm32f4xx_it.c:101:6:HardFault_Handler	4	static
../Core/Src/stm32f4xx_it.c:116:6:MemManage_Handler	4	static
../Core/Src/stm32f4xx_it.c:131:6:BusFault_Handler	4	static
../Core/Src/stm32f4xx_it.c:146:6:UsageFault_Handler	4	static
../Core/Src/stm32f4xx_it.c:161:6:SVC_Handler	4	static
../Core/Src/stm32f4xx_it.c:174:6:DebugMon_Handler	4	static
../Core/Src/stm32f4xx_it.c:187:6:PendSV_Handler	4	static
../Core/Src/stm32f4xx_it.c:200:6:SysTick_Handler	8	static
../Core/Src/stm32f4xx_it.c:227:6:EXTI0_IRQHandler	8	static
../Core/Src/stm32f4xx_it.c:241:6:TIM1_CC_IRQHandler	8	static
../Core/Src/stm32f4xx_it.c:255:6:TIM4_IRQHandler	8	static
../Core/Src/stm32f4xx_it.c:269:6:SPI1_IRQHandler	8	static
../Core/Src/stm32f4xx_it.c:283:6:EXTI15_10_IRQHandler	8	static
../Core/Src/stm32f4xx_it.c:297:6:DMA2_Stream2_IRQHandler	8	static
../Core/Src/stm32f4xx_it.c:311:6:OTG_FS_IRQHandler	8	static
